// Jest Snapshot v1, https://goo.gl/fbAQLP

exports[`Button renders properly 1`] = `
<button
  autoFocus={false}
  className="Button__primary"
  disabled={false}
  name=""
  type="button"
  value=""
>
  Primary
</button>
`;
