// Jest Snapshot v1, https://goo.gl/fbAQLP

exports[`TextInput renders properly 1`] = `
<div
  className="container"
>
  <label
    className="label"
  >
    Email
  </label>
  <input
    className="input"
    onChange={[Function]}
    placeholder="name@example.com"
    type="text"
    value=""
  />
  
</div>
`;
