// Jest Snapshot v1, https://goo.gl/fbAQLP

exports[`TextInput renders properly 1`] = `
<div
  className="TextInput__formGroup"
>
  <label
    className="TextInput__label"
  >
    Email
  </label>
  <input
    className="TextInput__input"
    onChange={[Function]}
    placeholder="name@example.com"
    type="text"
  />
</div>
`;
